Cluster name: cortx_cluster
Stack: corosync
Current DC: NONE
Last updated: Sat Mar 21 16:50:44 2020
Last change: Sat Mar 21 16:41:54 2020 by root via cibadmin on sm27-r22.pun.seagate.com

2 nodes configured
56 resources configured

OFFLINE: [ sm27-r22.pun.seagate.com sm28-r22.pun.seagate.com ]

Full list of resources:

 Clone Set: ClusterIP-clone [ClusterIP] (unique)
     ClusterIP:0        (ocf::heartbeat:IPaddr2):       Stopped
     ClusterIP:1        (ocf::heartbeat:IPaddr2):       Stopped
 Clone Set: lnet-clone [lnet]
     Stopped: [ sm27-r22.pun.seagate.com sm28-r22.pun.seagate.com ]
 Resource Group: c1
     ip-c1      (ocf::heartbeat:IPaddr2):       Stopped
     lnet-c1    (ocf::seagate:lnet):    Stopped
     consul-c1  (systemd:hare-consul-agent-c1): Stopped
     hax-c1     (systemd:hare-hax-c1):  Stopped
     mero-confd-c1      (systemd:m0d@0x7200000000000001:0x9):   Stopped
     mero-ios-c1        (systemd:m0d@0x7200000000000001:0xc):   Stopped
 Resource Group: c2
     ip-c2      (ocf::heartbeat:IPaddr2):       Stopped
     lnet-c2    (ocf::seagate:lnet):    Stopped
     consul-c2  (systemd:hare-consul-agent-c2): Stopped
     hax-c2     (systemd:hare-hax-c2):  Stopped
     mero-confd-c2      (systemd:m0d@0x7200000000000001:0x4f):  Stopped
     mero-ios-c2        (systemd:m0d@0x7200000000000001:0x52):  Stopped
 Clone Set: mero-kernel-clone [mero-kernel]
     Stopped: [ sm27-r22.pun.seagate.com sm28-r22.pun.seagate.com ]
 Clone Set: ldap-clone [ldap]
     Stopped: [ sm27-r22.pun.seagate.com sm28-r22.pun.seagate.com ]
 Clone Set: s3auth-clone [s3auth]
     Stopped: [ sm27-r22.pun.seagate.com sm28-r22.pun.seagate.com ]
 Clone Set: els-search-clone [els-search]
     Stopped: [ sm27-r22.pun.seagate.com sm28-r22.pun.seagate.com ]
 Clone Set: statsd-clone [statsd]
     Stopped: [ sm27-r22.pun.seagate.com sm28-r22.pun.seagate.com ]
 Clone Set: haproxy-clone [haproxy]
     Stopped: [ sm27-r22.pun.seagate.com sm28-r22.pun.seagate.com ]
 s3server-c1-1  (systemd:s3server@0x7200000000000001:0x22):     Stopped
 s3server-c1-2  (systemd:s3server@0x7200000000000001:0x25):     Stopped
 s3server-c1-3  (systemd:s3server@0x7200000000000001:0x28):     Stopped
 s3server-c1-4  (systemd:s3server@0x7200000000000001:0x2b):     Stopped
 s3server-c1-5  (systemd:s3server@0x7200000000000001:0x2e):     Stopped
 s3server-c1-6  (systemd:s3server@0x7200000000000001:0x31):     Stopped
 s3server-c1-7  (systemd:s3server@0x7200000000000001:0x34):     Stopped
 s3server-c1-8  (systemd:s3server@0x7200000000000001:0x37):     Stopped
 s3server-c1-9  (systemd:s3server@0x7200000000000001:0x3a):     Stopped
 s3server-c1-10 (systemd:s3server@0x7200000000000001:0x3d):     Stopped
 s3server-c1-11 (systemd:s3server@0x7200000000000001:0x40):     Stopped
 s3server-c2-1  (systemd:s3server@0x7200000000000001:0x68):     Stopped
 s3server-c2-2  (systemd:s3server@0x7200000000000001:0x6b):     Stopped
 s3server-c2-3  (systemd:s3server@0x7200000000000001:0x6e):     Stopped
 s3server-c2-4  (systemd:s3server@0x7200000000000001:0x71):     Stopped
 s3server-c2-5  (systemd:s3server@0x7200000000000001:0x74):     Stopped
 s3server-c2-6  (systemd:s3server@0x7200000000000001:0x77):     Stopped
 s3server-c2-7  (systemd:s3server@0x7200000000000001:0x7a):     Stopped
 s3server-c2-8  (systemd:s3server@0x7200000000000001:0x7d):     Stopped
 s3server-c2-9  (systemd:s3server@0x7200000000000001:0x80):     Stopped
 s3server-c2-10 (systemd:s3server@0x7200000000000001:0x83):     Stopped
 s3server-c2-11 (systemd:s3server@0x7200000000000001:0x86):     Stopped
 Clone Set: rabbitmq-clone [rabbitmq]
     Stopped: [ sm27-r22.pun.seagate.com sm28-r22.pun.seagate.com ]
 Clone Set: s3backcons-clone [s3backcons]
     Stopped: [ sm27-r22.pun.seagate.com sm28-r22.pun.seagate.com ]
 Clone Set: s3backprod-clone [s3backprod]
     Stopped: [ sm27-r22.pun.seagate.com sm28-r22.pun.seagate.com ]

Daemon Status:
  corosync: active/enabled
  pacemaker: active/enabled
  pcsd: active/enabled
