Cluster name: cortx_cluster
Stack: corosync
Current DC: sm27-r22.pun.seagate.com (version 1.1.20-5.el7-3c4c782f70) - partition with quorum
Last updated: Sat Mar 21 16:51:53 2020
Last change: Sat Mar 21 16:41:54 2020 by root via cibadmin on sm27-r22.pun.seagate.com

2 nodes configured
56 resources configured

Online: [ sm27-r22.pun.seagate.com sm28-r22.pun.seagate.com ]

Full list of resources:

 Clone Set: ClusterIP-clone [ClusterIP] (unique)
     ClusterIP:0        (ocf::heartbeat:IPaddr2):       Started sm27-r22.pun.seagate.com
     ClusterIP:1        (ocf::heartbeat:IPaddr2):       Started sm28-r22.pun.seagate.com
 Clone Set: lnet-clone [lnet]
     Started: [ sm27-r22.pun.seagate.com sm28-r22.pun.seagate.com ]
 Resource Group: c1
     ip-c1      (ocf::heartbeat:IPaddr2):       Started sm27-r22.pun.seagate.com
     lnet-c1    (ocf::seagate:lnet):    Started sm27-r22.pun.seagate.com
     consul-c1  (systemd:hare-consul-agent-c1): Started sm27-r22.pun.seagate.com
     hax-c1     (systemd:hare-hax-c1):  Started sm27-r22.pun.seagate.com
     motr-confd-c1      (systemd:m0d@0x7200000000000001:0x9):   Started sm27-r22.pun.seagate.com
     motr-ios-c1        (systemd:m0d@0x7200000000000001:0xc):   Started sm27-r22.pun.seagate.com
 Resource Group: c2
     ip-c2      (ocf::heartbeat:IPaddr2):       Started sm28-r22.pun.seagate.com
     lnet-c2    (ocf::seagate:lnet):    Started sm28-r22.pun.seagate.com
     consul-c2  (systemd:hare-consul-agent-c2): Started sm28-r22.pun.seagate.com
     hax-c2     (systemd:hare-hax-c2):  Started sm28-r22.pun.seagate.com
     motr-confd-c2      (systemd:m0d@0x7200000000000001:0x4f):  Started sm28-r22.pun.seagate.com
     motr-ios-c2        (systemd:m0d@0x7200000000000001:0x52):  Started sm28-r22.pun.seagate.com
 Clone Set: motr-kernel-clone [motr-kernel]
     Started: [ sm27-r22.pun.seagate.com sm28-r22.pun.seagate.com ]
 Clone Set: ldap-clone [ldap]
     Started: [ sm27-r22.pun.seagate.com sm28-r22.pun.seagate.com ]
 Clone Set: s3auth-clone [s3auth]
     Started: [ sm27-r22.pun.seagate.com sm28-r22.pun.seagate.com ]
 Clone Set: els-search-clone [els-search]
     Started: [ sm27-r22.pun.seagate.com sm28-r22.pun.seagate.com ]
 Clone Set: statsd-clone [statsd]
     Started: [ sm27-r22.pun.seagate.com sm28-r22.pun.seagate.com ]
 Clone Set: haproxy-clone [haproxy]
     Started: [ sm27-r22.pun.seagate.com sm28-r22.pun.seagate.com ]
 s3server-c1-1  (systemd:s3server@0x7200000000000001:0x22):     Started sm27-r22.pun.seagate.com
 s3server-c1-2  (systemd:s3server@0x7200000000000001:0x25):     Started sm27-r22.pun.seagate.com
 s3server-c1-3  (systemd:s3server@0x7200000000000001:0x28):     Started sm27-r22.pun.seagate.com
 s3server-c1-4  (systemd:s3server@0x7200000000000001:0x2b):     Started sm27-r22.pun.seagate.com
 s3server-c1-5  (systemd:s3server@0x7200000000000001:0x2e):     Started sm27-r22.pun.seagate.com
 s3server-c1-6  (systemd:s3server@0x7200000000000001:0x31):     Started sm27-r22.pun.seagate.com
 s3server-c1-7  (systemd:s3server@0x7200000000000001:0x34):     Started sm27-r22.pun.seagate.com
 s3server-c1-8  (systemd:s3server@0x7200000000000001:0x37):     Started sm27-r22.pun.seagate.com
 s3server-c1-9  (systemd:s3server@0x7200000000000001:0x3a):     Started sm27-r22.pun.seagate.com
 s3server-c1-10 (systemd:s3server@0x7200000000000001:0x3d):     Started sm27-r22.pun.seagate.com
 s3server-c1-11 (systemd:s3server@0x7200000000000001:0x40):     Started sm27-r22.pun.seagate.com
 s3server-c2-1  (systemd:s3server@0x7200000000000001:0x68):     Started sm28-r22.pun.seagate.com
 s3server-c2-2  (systemd:s3server@0x7200000000000001:0x6b):     Started sm28-r22.pun.seagate.com
 s3server-c2-3  (systemd:s3server@0x7200000000000001:0x6e):     Started sm28-r22.pun.seagate.com
 s3server-c2-4  (systemd:s3server@0x7200000000000001:0x71):     Started sm28-r22.pun.seagate.com
 s3server-c2-5  (systemd:s3server@0x7200000000000001:0x74):     Started sm28-r22.pun.seagate.com
 s3server-c2-6  (systemd:s3server@0x7200000000000001:0x77):     Started sm28-r22.pun.seagate.com
 s3server-c2-7  (systemd:s3server@0x7200000000000001:0x7a):     Started sm28-r22.pun.seagate.com
 s3server-c2-8  (systemd:s3server@0x7200000000000001:0x7d):     Started sm28-r22.pun.seagate.com
 s3server-c2-9  (systemd:s3server@0x7200000000000001:0x80):     Started sm28-r22.pun.seagate.com
 s3server-c2-10 (systemd:s3server@0x7200000000000001:0x83):     Started sm28-r22.pun.seagate.com
 s3server-c2-11 (systemd:s3server@0x7200000000000001:0x86):     Started sm28-r22.pun.seagate.com
 Clone Set: rabbitmq-clone [rabbitmq]
     Started: [ sm27-r22.pun.seagate.com sm28-r22.pun.seagate.com ]
 Clone Set: s3backcons-clone [s3backcons]
     Started: [ sm27-r22.pun.seagate.com sm28-r22.pun.seagate.com ]
 Clone Set: s3backprod-clone [s3backprod]
     Started: [ sm27-r22.pun.seagate.com sm28-r22.pun.seagate.com ]

Daemon Status:
  corosync: active/enabled
  pacemaker: active/enabled
  pcsd: active/enabled
